##### MUTATION 1: GRADE_WRITE_VPD disabled -> write tests must FAIL
=== alice (student): read-only role ===
PASS | alice cannot update a grade | refused with ORA-41900
PASS | alice cannot delete an enrollment | refused with ORA-41900
PASS | alice cannot insert a payment | refused with ORA-41900
PASS | alice cannot change her profile | refused with ORA-41900
PASS | alice cannot change a room allocation | refused with ORA-41900
=== alice (writes): PASS (5 passed, 0 failed) ===
=== prof_lee (professor): drafts of his own sections only ===
FAIL | without identity prof_lee updates 0 grades | rows expected=0 actual=1
FAIL | without identity prof_lee cannot insert a grade | expected ORA-28115 but statement succeeded
PASS | prof_lee edits the draft grade of his own section | rows expected=1 actual=1
FAIL | prof_lee cannot change a released grade | rows expected=0 actual=1
FAIL | prof_lee cannot publish a grade himself | expected ORA-28115 but statement succeeded
FAIL | prof_lee cannot touch the grade of another professor's section | rows expected=0 actual=1
FAIL | prof_lee cannot grade a student of another professor | expected ORA-28115 but statement succeeded
FAIL | prof_lee cannot move his draft grade to another professor's student | expected ORA-28115 but statement succeeded
PASS | prof_lee cannot spoof the recorded editor | expected=2001 actual=2001
PASS | prof_lee has no DELETE privilege on grades | refused with ORA-41900
PASS | prof_lee cannot create a course | refused with ORA-41900
PASS | prof_lee cannot change a section | refused with ORA-41900
PASS | a fellow cannot allocate rooms | refused with ORA-41900
=== prof_lee (writes): FAIL (6 passed, 7 failed) ===
=== prof_wong (professor): grading a student of his own section ===
PASS | prof_wong enters a draft grade for his CS5322 S2 student | rows expected=1 actual=1
FAIL | prof_wong cannot insert an already released grade | expected ORA-28115 but statement succeeded
FAIL | prof_wong cannot change the released grade of his Business student | rows expected=0 actual=1
=== prof_wong (writes): FAIL (1 passed, 2 failed) ===
=== admin_comp (Computing administrator): own department, publishes and corrects grades ===
PASS | admin_comp publishes the draft grade | rows expected=1 actual=1
PASS | admin_comp corrects a released grade of the department | rows expected=1 actual=1
FAIL | admin_comp cannot touch a Business grade | rows expected=0 actual=1
PASS | a released grade cannot be deleted | rows expected=0 actual=0
PASS | a draft grade of the department can be deleted | rows expected=1 actual=1
PASS | admin_comp creates a Computing course | rows expected=1 actual=1
PASS | admin_comp cannot create a Business course | raised ORA-28115
PASS | admin_comp creates a section of a Computing course | rows expected=1 actual=1
PASS | admin_comp cannot create a section of a Business course | raised ORA-28115
PASS | admin_comp cannot move a student to another department | raised ORA-28115
PASS | admin_comp cannot edit a Business student | rows expected=0 actual=0
PASS | admin_comp edits a Computing student | rows expected=1 actual=1
PASS | admin_comp withdraws an enrollment in a Computing section | rows expected=1 actual=1
PASS | admin_comp cannot delete an enrollment of a Business section | rows expected=0 actual=0
PASS | admin_comp has no privilege on PAYMENT | raised ORA-00942
PASS | admin_comp cannot modify professors | refused with ORA-41900
=== admin_comp (writes): FAIL (15 passed, 1 failed) ===
=== admin_bus (Business administrator) ===
FAIL | admin_bus cannot touch a Computing grade | rows expected=0 actual=1
PASS | admin_bus corrects a Business grade | rows expected=1 actual=1
=== admin_bus (writes): FAIL (1 passed, 1 failed) ===
=== finance1 (finance officer): payments only ===
PASS | finance marks a pending payment as paid | rows expected=1 actual=1
PASS | finance records a new payment | rows expected=1 actual=1
PASS | finance cannot delete payments | refused with ORA-41900
PASS | finance cannot edit students | refused with ORA-41900
PASS | finance has no privilege on GRADE | raised ORA-00942
=== finance1 (writes): PASS (5 passed, 0 failed) ===
=== housing1 (housing officer): allocations only ===
PASS | housing creates a pending allocation | rows expected=1 actual=1
PASS | housing ends an allocation | rows expected=1 actual=1
PASS | housing cannot change room data | refused with ORA-41900
PASS | housing cannot edit students | refused with ORA-41900
PASS | housing has no privilege on PAYMENT | raised ORA-00942
=== housing1 (writes): PASS (5 passed, 0 failed) ===
=== uni_admin (university administrator): oversight is read-only ===
PASS | uni_admin cannot update grades | refused with ORA-41900
PASS | uni_admin cannot delete students | refused with ORA-41900
PASS | nobody can forge audit records | refused with ORA-41900
=== uni_admin (writes): PASS (3 passed, 0 failed) ===
##### MUTATION 2: GRADE_VPD disabled -> alice must see the draft grade, read tests must FAIL
=== alice (student, Computing) ===
PASS | alice before activating an identity sees no students | expected=0 actual=0
PASS | alice cannot impersonate bob | raised ORA-20002
PASS | alice cannot become the university administrator | raised ORA-20002
PASS | alice cannot forge the context with DBMS_SESSION.SET_CONTEXT | raised ORA-01031
PASS | failed impersonation and forgery attempts grant nothing | expected=0 actual=0
PASS | alice sees only her own student row | expected=1 actual=1
PASS | alice sees the instructor of her sections | expected=1 actual=1
PASS | alice sees her 2 courses | expected=2 actual=2
PASS | alice sees her 2 sections | expected=2 actual=2
PASS | alice sees her 2 enrollments | expected=2 actual=2
FAIL | alice sees only the released grade (the other is a draft) | expected=1 actual=4
PASS | alice sees her own payment | expected=1 actual=1
PASS | alice sees her residence | expected=1 actual=1
PASS | alice sees her room | expected=1 actual=1
PASS | alice sees her allocation | expected=1 actual=1
PASS | alice has no grant on RESIDENT_FELLOW | raised ORA-00942
PASS | alice has no grant on GRADE_AUDIT | raised ORA-00942
PASS | alice has no grant on APP_USER | raised ORA-00942
PASS | after clear_user alice sees nothing again | expected=0 actual=0
=== alice: FAIL (18 passed, 1 failed) ===
=== bob (student, Business) ===
PASS | bob sees only his own student row | expected=1 actual=1
PASS | bob sees 2 courses (a Business and a Computing course) | expected=2 actual=2
PASS | bob sees 2 enrollments | expected=2 actual=2
FAIL | bob sees his one released grade | expected=1 actual=4
PASS | bob sees his payment | expected=1 actual=1
PASS | bob sees his current room only (ended allocation hides the old room) | expected=1 actual=1
PASS | bob sees his allocation history (2 rows) | expected=2 actual=2
=== bob: FAIL (6 passed, 1 failed) ===
=== carol (student, Medicine) ===
PASS | carol sees only her own student row | expected=1 actual=1
PASS | carol sees 1 enrollment | expected=1 actual=1
FAIL | carol sees her grade | expected=1 actual=4
PASS | carol sees her residence | expected=1 actual=1
=== carol: FAIL (3 passed, 1 failed) ===
=== prof_lee (professor, Computing, resident fellow of Kent Ridge Hall) ===
PASS | prof_lee cannot become the university administrator | raised ORA-20002
PASS | prof_lee sees only his own professor row | expected=1 actual=1
PASS | prof_lee sees his 2 courses | expected=2 actual=2
PASS | prof_lee sees his 2 sections | expected=2 actual=2
PASS | prof_lee sees the enrollments of his sections | expected=2 actual=2
FAIL | prof_lee sees the grades of his sections, drafts included | expected=2 actual=4
PASS | prof_lee sees his class list plus the residents of his residence | expected=2 actual=2
PASS | prof_lee sees his fellowship | expected=1 actual=1
PASS | prof_lee sees Kent Ridge Hall only | expected=1 actual=1
PASS | prof_lee sees the 3 rooms of Kent Ridge Hall | expected=3 actual=3
PASS | prof_lee sees the 3 active allocations of Kent Ridge Hall | expected=3 actual=3
PASS | prof_lee has no grant on PAYMENT | raised ORA-00942
=== prof_lee: FAIL (11 passed, 1 failed) ===
=== prof_wong (professor, Business, fellow of Prince George's Park) ===
PASS | prof_wong sees his 3 courses (CS5322 S2 is taught by him) | expected=3 actual=3
PASS | prof_wong sees his 3 sections | expected=3 actual=3
PASS | prof_wong sees the 3 enrollments of his sections | expected=3 actual=3
FAIL | prof_wong sees 2 grades (one enrollment is not graded yet) | expected=2 actual=4
PASS | prof_wong sees his two fellowships (one ended) | expected=2 actual=2
PASS | prof_wong sees only the residence he currently looks after | expected=1 actual=1
PASS | prof_wong sees the 2 rooms of his residence | expected=2 actual=2
PASS | prof_wong sees the 2 active allocations of his residence | expected=2 actual=2
=== prof_wong: FAIL (7 passed, 1 failed) ===
=== admin_comp (Computing department administrator) ===
PASS | admin_comp sees the Computing student only | expected=1 actual=1
PASS | admin_comp sees the Computing professor only | expected=1 actual=1
PASS | admin_comp sees the 2 Computing courses | expected=2 actual=2
PASS | admin_comp sees the 3 sections of Computing courses | expected=3 actual=3
PASS | admin_comp sees the 3 enrollments in those sections | expected=3 actual=3
FAIL | admin_comp sees the 2 grades of those enrollments | expected=2 actual=4
PASS | admin_comp has no grant on PAYMENT | raised ORA-00942
PASS | admin_comp has no grant on ROOM_ALLOCATION | raised ORA-00942
=== admin_comp: FAIL (7 passed, 1 failed) ===
=== admin_bus (Business department administrator) ===
PASS | admin_bus sees the Business student only | expected=1 actual=1
PASS | admin_bus sees the Business course only | expected=1 actual=1
FAIL | admin_bus sees the grade of that course only | expected=1 actual=4
=== admin_bus: FAIL (2 passed, 1 failed) ===
=== finance1 (finance officer) ===
PASS | finance sees all 3 payments | expected=3 actual=3
PASS | finance sees all 3 students | expected=3 actual=3
PASS | finance sees no e-mail address (column masking) | expected=0 actual=0
PASS | finance has no grant on GRADE | raised ORA-00942
PASS | finance has no grant on ENROLLMENT | raised ORA-00942
PASS | finance has no grant on ROOM_ALLOCATION | raised ORA-00942
=== finance1: PASS (6 passed, 0 failed) ===
=== housing1 (housing officer) ===
PASS | housing sees both residences | expected=2 actual=2
PASS | housing sees all 5 rooms | expected=5 actual=5
PASS | housing sees all 6 allocations (history included) | expected=6 actual=6
PASS | housing sees the 3 fellowship records | expected=3 actual=3
PASS | housing sees the 3 students that have an allocation | expected=3 actual=3
PASS | housing has no grant on PAYMENT | raised ORA-00942
PASS | housing has no grant on GRADE | raised ORA-00942
=== housing1: PASS (7 passed, 0 failed) ===
=== uni_admin (university administrator) ===
PASS | uni_admin sees all 3 students | expected=3 actual=3
PASS | uni_admin sees all 2 professors | expected=2 actual=2
PASS | uni_admin sees all 4 courses | expected=4 actual=4
PASS | uni_admin sees all 5 sections | expected=5 actual=5
PASS | uni_admin sees all 5 enrollments | expected=5 actual=5
PASS | uni_admin sees all 4 grades, drafts included | expected=4 actual=4
PASS | uni_admin sees all 3 payments | expected=3 actual=3
PASS | uni_admin sees all 6 allocations | expected=6 actual=6
PASS | uni_admin reads the audit trail (empty after the tests) | expected=0 actual=0
PASS | even uni_admin has no grant on APP_USER | raised ORA-00942
=== uni_admin: PASS (10 passed, 0 failed) ===
##### Policies enabled again

POLICY_NAME															 ENA
-------------------------------------------------------------------------------------------------------------------------------- ---
GRADE_VPD															 YES
GRADE_WRITE_VPD 														 YES
